function hi() {
  console.log("Hello World!");
  console.log("Hello World!");
}
hi();